// Jest Snapshot v1, https://goo.gl/fbAQLP

exports[`Login Renders consistently to the DOM 1`] = `
<div
  className="login"
>
  <h2
    className="mb-3"
  >
    Login
  </h2>
  <form
    className=""
    onSubmit={[Function]}
  >
    <div
      className="form-group"
    >
      <label
        className="form-label"
        htmlFor="formBasicEmail"
      >
        Email address
      </label>
      <input
        className="form-control"
        id="formBasicEmail"
        placeholder="Enter email"
        type="email"
      />
      <small
        className="text-muted form-text"
      >
        We'll never share your email with anyone else.
      </small>
    </div>
    <div
      className="form-group"
    >
      <label
        className="form-label"
        htmlFor="formBasicPassword"
      >
        Password
      </label>
      <input
        className="form-control"
        id="formBasicPassword"
        placeholder="Password"
        type="password"
      />
    </div>
    <button
      className="btn btn-default border bg-light my-3"
      type="submit"
    >
      Login
    </button>
  </form>
</div>
`;

exports[`Suits renders consistently to the DOM 1`] = `
<div
  className="text-light"
>
  <div
    className="loading"
  >
    <div
      dangerouslySetInnerHTML={
        Object {
          "__html": "<svg xmlns=\\"http://www.w3.org/2000/svg\\" viewBox=\\"0 0 32 32\\">
  <path transform=\\"translate(2)\\" d=\\"M0 12 V20 H4 V12z\\"> 
    <animate attributeName=\\"d\\" values=\\"M0 12 V20 H4 V12z; M0 4 V28 H4 V4z; M0 12 V20 H4 V12z; M0 12 V20 H4 V12z\\" dur=\\"1.2s\\" repeatCount=\\"indefinite\\" begin=\\"0\\" keytimes=\\"0;.2;.5;1\\" keySplines=\\"0.2 0.2 0.4 0.8;0.2 0.6 0.4 0.8;0.2 0.8 0.4 0.8\\" calcMode=\\"spline\\"  />
  </path>
  <path transform=\\"translate(8)\\" d=\\"M0 12 V20 H4 V12z\\">
    <animate attributeName=\\"d\\" values=\\"M0 12 V20 H4 V12z; M0 4 V28 H4 V4z; M0 12 V20 H4 V12z; M0 12 V20 H4 V12z\\" dur=\\"1.2s\\" repeatCount=\\"indefinite\\" begin=\\"0.2\\" keytimes=\\"0;.2;.5;1\\" keySplines=\\"0.2 0.2 0.4 0.8;0.2 0.6 0.4 0.8;0.2 0.8 0.4 0.8\\" calcMode=\\"spline\\"  />
  </path>
  <path transform=\\"translate(14)\\" d=\\"M0 12 V20 H4 V12z\\">
    <animate attributeName=\\"d\\" values=\\"M0 12 V20 H4 V12z; M0 4 V28 H4 V4z; M0 12 V20 H4 V12z; M0 12 V20 H4 V12z\\" dur=\\"1.2s\\" repeatCount=\\"indefinite\\" begin=\\"0.4\\" keytimes=\\"0;.2;.5;1\\" keySplines=\\"0.2 0.2 0.4 0.8;0.2 0.6 0.4 0.8;0.2 0.8 0.4 0.8\\" calcMode=\\"spline\\" />
  </path>
  <path transform=\\"translate(20)\\" d=\\"M0 12 V20 H4 V12z\\">
    <animate attributeName=\\"d\\" values=\\"M0 12 V20 H4 V12z; M0 4 V28 H4 V4z; M0 12 V20 H4 V12z; M0 12 V20 H4 V12z\\" dur=\\"1.2s\\" repeatCount=\\"indefinite\\" begin=\\"0.6\\" keytimes=\\"0;.2;.5;1\\" keySplines=\\"0.2 0.2 0.4 0.8;0.2 0.6 0.4 0.8;0.2 0.8 0.4 0.8\\" calcMode=\\"spline\\" />
  </path>
  <path transform=\\"translate(26)\\" d=\\"M0 12 V20 H4 V12z\\">
    <animate attributeName=\\"d\\" values=\\"M0 12 V20 H4 V12z; M0 4 V28 H4 V4z; M0 12 V20 H4 V12z; M0 12 V20 H4 V12z\\" dur=\\"1.2s\\" repeatCount=\\"indefinite\\" begin=\\"0.8\\" keytimes=\\"0;.2;.5;1\\" keySplines=\\"0.2 0.2 0.4 0.8;0.2 0.6 0.4 0.8;0.2 0.8 0.4 0.8\\" calcMode=\\"spline\\" />
  </path>
</svg>
",
        }
      }
      style={
        Object {
          "fill": "grey",
          "height": 70,
          "width": 80,
        }
      }
    />
  </div>
</div>
`;
